MISSING vitals unexpectedly navigated
MISSING vitals unexpectedly navigated
MISSING vitals unexpectedly navigated
Traceback (most recent call last):
  File "/tmp/3c-heroes-performance/run_performance.py", line 59, in <module>
    origin_before=ev(session,'performance.timeOrigin');row['native_vitals']=cmd(session,'vitals');origin_after=ev(session,'performance.timeOrigin')
                                                                            ~~~^^^^^^^^^^^^^^^^^^
  File "/tmp/3c-heroes-performance/run_performance.py", line 19, in cmd
    start=time.time();r=subprocess.run(argv,capture_output=True,text=True,timeout=90)
                        ~~~~~~~~~~~~~~^^^^^^^^^^^^^^^^^^^^^^^^^^^^^^^^^^^^^^^^^^^^^^^
  File "/usr/lib/python3.14/subprocess.py", line 557, in run
    stdout, stderr = process.communicate(input, timeout=timeout)
                     ~~~~~~~~~~~~~~~~~~~^^^^^^^^^^^^^^^^^^^^^^^^
  File "/usr/lib/python3.14/subprocess.py", line 1221, in communicate
    stdout, stderr = self._communicate(input, endtime, timeout)
                     ~~~~~~~~~~~~~~~~~^^^^^^^^^^^^^^^^^^^^^^^^^
  File "/usr/lib/python3.14/subprocess.py", line 2153, in _communicate
    ready = selector.select(timeout)
  File "/usr/lib/python3.14/selectors.py", line 398, in select
    fd_event_list = self._selector.poll(timeout)
KeyboardInterrupt
