2026-03-15-casen2024-julia-waffles-politica-publica-en.md: header.overlay_image: missing or invalid local hero
2026-03-15-casen2024-julia-waffles-politica-publica-en.md: header.overlay_image_mobile: missing or invalid local hero
2026-03-15-casen2024-julia-waffles-politica-publica-en.md: missing/invalid visual_id
2026-03-15-casen2024-julia-waffles-politica-publica.md: header.overlay_image: missing or invalid local hero
2026-03-15-casen2024-julia-waffles-politica-publica.md: header.overlay_image_mobile: missing or invalid local hero
2026-03-15-casen2024-julia-waffles-politica-publica.md: missing/invalid visual_id
2026-06-20-bayes_hiperparametros-en.md: header.overlay_image: missing or invalid local hero
2026-06-20-bayes_hiperparametros-en.md: header.overlay_image_mobile: missing or invalid local hero
2026-06-20-bayes_hiperparametros-en.md: missing/invalid visual_id
2026-06-20-bayes_hiperparametros.md: header.overlay_image: missing or invalid local hero
2026-06-20-bayes_hiperparametros.md: header.overlay_image_mobile: missing or invalid local hero
2026-06-20-bayes_hiperparametros.md: missing/invalid visual_id
2026-06-27-multiagente-penta-agent-modelos-v2-en.md: header.overlay_image: missing or invalid local hero
2026-06-27-multiagente-penta-agent-modelos-v2-en.md: header.overlay_image_mobile: missing or invalid local hero
2026-06-27-multiagente-penta-agent-modelos-v2-en.md: missing/invalid visual_id
2026-06-27-multiagente-penta-agent-modelos-v2.md: header.overlay_image: missing or invalid local hero
2026-06-27-multiagente-penta-agent-modelos-v2.md: header.overlay_image_mobile: missing or invalid local hero
2026-06-27-multiagente-penta-agent-modelos-v2.md: missing/invalid visual_id
2026-06-28-rss-en.md: header.overlay_image: missing or invalid local hero
2026-06-28-rss-en.md: header.overlay_image_mobile: missing or invalid local hero
2026-06-28-rss-en.md: missing/invalid visual_id
2026-06-28-rss.md: header.overlay_image: missing or invalid local hero
2026-06-28-rss.md: header.overlay_image_mobile: missing or invalid local hero
2026-06-28-rss.md: missing/invalid visual_id
2026-07-15-ai-quota-hud-kde-en.md: header.overlay_image: missing or invalid local hero
2026-07-15-ai-quota-hud-kde-en.md: header.overlay_image_mobile: missing or invalid local hero
2026-07-15-ai-quota-hud-kde-en.md: missing/invalid visual_id
2026-07-15-ai-quota-hud-kde.md: header.overlay_image: missing or invalid local hero
2026-07-15-ai-quota-hud-kde.md: header.overlay_image_mobile: missing or invalid local hero
2026-07-15-ai-quota-hud-kde.md: missing/invalid visual_id
2026-07-23-multiagente-penta-agent-memoria-en.md: header.overlay_image: missing or invalid local hero
2026-07-23-multiagente-penta-agent-memoria-en.md: header.overlay_image_mobile: missing or invalid local hero
2026-07-23-multiagente-penta-agent-memoria-en.md: missing/invalid visual_id
2026-07-23-multiagente-penta-agent-memoria.md: header.overlay_image: missing or invalid local hero
2026-07-23-multiagente-penta-agent-memoria.md: header.overlay_image_mobile: missing or invalid local hero
2026-07-23-multiagente-penta-agent-memoria.md: missing/invalid visual_id
2026-07-26-avaluo-vulnerabilidad-unidad-vecinal-en.md: header.overlay_image: missing or invalid local hero
2026-07-26-avaluo-vulnerabilidad-unidad-vecinal-en.md: header.overlay_image_mobile: missing or invalid local hero
2026-07-26-avaluo-vulnerabilidad-unidad-vecinal-en.md: missing/invalid visual_id
2026-07-26-avaluo-vulnerabilidad-unidad-vecinal.md: header.overlay_image: missing or invalid local hero
2026-07-26-avaluo-vulnerabilidad-unidad-vecinal.md: header.overlay_image_mobile: missing or invalid local hero
2026-07-26-avaluo-vulnerabilidad-unidad-vecinal.md: missing/invalid visual_id
2026-08-29-nushell-coprocesador-estructurado-en.md: header.overlay_image: missing or invalid local hero
2026-08-29-nushell-coprocesador-estructurado-en.md: header.overlay_image_mobile: missing or invalid local hero
2026-08-29-nushell-coprocesador-estructurado-en.md: missing/invalid visual_id
2026-08-29-nushell-coprocesador-estructurado.md: header.overlay_image: missing or invalid local hero
2026-08-29-nushell-coprocesador-estructurado.md: header.overlay_image_mobile: missing or invalid local hero
2026-08-29-nushell-coprocesador-estructurado.md: missing/invalid visual_id
2026-09-03-multiagente-penta-agent-memoria-gobernada-poc-en.md: header.overlay_image: missing or invalid local hero
2026-09-03-multiagente-penta-agent-memoria-gobernada-poc-en.md: header.overlay_image_mobile: missing or invalid local hero
2026-09-03-multiagente-penta-agent-memoria-gobernada-poc-en.md: missing/invalid visual_id
2026-09-03-multiagente-penta-agent-memoria-gobernada-poc.md: header.overlay_image: missing or invalid local hero
2026-09-03-multiagente-penta-agent-memoria-gobernada-poc.md: header.overlay_image_mobile: missing or invalid local hero
2026-09-03-multiagente-penta-agent-memoria-gobernada-poc.md: missing/invalid visual_id
2026-09-11-avaluos-ii-brecha-residencial-en.md: header.overlay_image_mobile: missing or invalid local hero
2026-09-11-avaluos-ii-brecha-residencial-en.md: missing/invalid visual_id
2026-09-11-avaluos-ii-brecha-residencial.md: header.overlay_image_mobile: missing or invalid local hero
2026-09-11-avaluos-ii-brecha-residencial.md: missing/invalid visual_id
