{"completed": 1, "id": "casen2024-julia-waffles-en-390-academic-day", "failures": [], "axe": {"inapplicable": 81, "incomplete": 0, "passes": 7, "violations": 0}, "policy_axe": {"inapplicable": 82, "incomplete": 0, "passes": 6, "violations": 0}}
{"completed": 2, "id": "casen2024-julia-waffles-en-390-academic-night", "failures": [], "axe": {"inapplicable": 81, "incomplete": 0, "passes": 7, "violations": 0}, "policy_axe": {"inapplicable": 82, "incomplete": 0, "passes": 6, "violations": 0}}
{"completed": 3, "id": "casen2024-julia-waffles-es-390-academic-day", "failures": [], "axe": {"inapplicable": 81, "incomplete": 0, "passes": 7, "violations": 0}, "policy_axe": {"inapplicable": 82, "incomplete": 0, "passes": 6, "violations": 0}}
{"completed": 4, "id": "casen2024-julia-waffles-es-390-academic-night", "failures": [], "axe": {"inapplicable": 81, "incomplete": 0, "passes": 7, "violations": 0}, "policy_axe": {"inapplicable": 82, "incomplete": 0, "passes": 6, "violations": 0}}
{"completed": 5, "id": "bayes-hiperparametros-en-390-academic-day", "failures": [], "axe": {"inapplicable": 81, "incomplete": 0, "passes": 7, "violations": 0}, "policy_axe": {"inapplicable": 82, "incomplete": 0, "passes": 6, "violations": 0}}
{"completed": 6, "id": "bayes-hiperparametros-en-390-academic-night", "failures": [], "axe": {"inapplicable": 81, "incomplete": 0, "passes": 7, "violations": 0}, "policy_axe": {"inapplicable": 82, "incomplete": 0, "passes": 6, "violations": 0}}
{"completed": 7, "id": "bayes-hiperparametros-es-390-academic-day", "failures": [], "axe": {"inapplicable": 81, "incomplete": 0, "passes": 7, "violations": 0}, "policy_axe": {"inapplicable": 82, "incomplete": 0, "passes": 6, "violations": 0}}
{"completed": 8, "id": "bayes-hiperparametros-es-390-academic-night", "failures": [], "axe": {"inapplicable": 81, "incomplete": 0, "passes": 7, "violations": 0}, "policy_axe": {"inapplicable": 82, "incomplete": 0, "passes": 6, "violations": 0}}
{"completed": 9, "id": "multiagente-penta-agent-modelos-en-390-academic-day", "failures": [], "axe": {"inapplicable": 81, "incomplete": 0, "passes": 7, "violations": 0}, "policy_axe": {"inapplicable": 82, "incomplete": 0, "passes": 6, "violations": 0}}
{"completed": 10, "id": "multiagente-penta-agent-modelos-en-390-academic-night", "failures": [], "axe": {"inapplicable": 81, "incomplete": 0, "passes": 7, "violations": 0}, "policy_axe": {"inapplicable": 82, "incomplete": 0, "passes": 6, "violations": 0}}
{"completed": 11, "id": "multiagente-penta-agent-modelos-es-390-academic-day", "failures": [], "axe": {"inapplicable": 81, "incomplete": 0, "passes": 7, "violations": 0}, "policy_axe": {"inapplicable": 82, "incomplete": 0, "passes": 6, "violations": 0}}
{"completed": 12, "id": "multiagente-penta-agent-modelos-es-390-academic-night", "failures": [], "axe": {"inapplicable": 81, "incomplete": 0, "passes": 7, "violations": 0}, "policy_axe": {"inapplicable": 82, "incomplete": 0, "passes": 6, "violations": 0}}
{"completed": 13, "id": "rss-gobierna-como-lees-en-390-academic-day", "failures": [], "axe": {"inapplicable": 81, "incomplete": 0, "passes": 7, "violations": 0}, "policy_axe": {"inapplicable": 82, "incomplete": 0, "passes": 6, "violations": 0}}
{"completed": 14, "id": "rss-gobierna-como-lees-en-390-academic-night", "failures": [], "axe": {"inapplicable": 81, "incomplete": 0, "passes": 7, "violations": 0}, "policy_axe": {"inapplicable": 82, "incomplete": 0, "passes": 6, "violations": 0}}
{"completed": 15, "id": "rss-gobierna-como-lees-es-390-academic-day", "failures": [], "axe": {"inapplicable": 81, "incomplete": 0, "passes": 7, "violations": 0}, "policy_axe": {"inapplicable": 82, "incomplete": 0, "passes": 6, "violations": 0}}
{"completed": 16, "id": "rss-gobierna-como-lees-es-390-academic-night", "failures": [], "axe": {"inapplicable": 81, "incomplete": 0, "passes": 7, "violations": 0}, "policy_axe": {"inapplicable": 82, "incomplete": 0, "passes": 6, "violations": 0}}
{"completed": 17, "id": "ai-quota-hud-kde-en-390-academic-day", "failures": [], "axe": {"inapplicable": 81, "incomplete": 0, "passes": 7, "violations": 0}, "policy_axe": {"inapplicable": 82, "incomplete": 0, "passes": 6, "violations": 0}}
{"completed": 18, "id": "ai-quota-hud-kde-en-390-academic-night", "failures": [], "axe": {"inapplicable": 81, "incomplete": 0, "passes": 7, "violations": 0}, "policy_axe": {"inapplicable": 82, "incomplete": 0, "passes": 6, "violations": 0}}
{"completed": 19, "id": "ai-quota-hud-kde-es-390-academic-day", "failures": [], "axe": {"inapplicable": 81, "incomplete": 0, "passes": 7, "violations": 0}, "policy_axe": {"inapplicable": 82, "incomplete": 0, "passes": 6, "violations": 0}}
{"completed": 20, "id": "ai-quota-hud-kde-es-390-academic-night", "failures": [], "axe": {"inapplicable": 81, "incomplete": 0, "passes": 7, "violations": 0}, "policy_axe": {"inapplicable": 82, "incomplete": 0, "passes": 6, "violations": 0}}
{"completed": 21, "id": "multiagente-penta-agent-memoria-en-390-academic-day", "failures": [], "axe": {"inapplicable": 81, "incomplete": 0, "passes": 7, "violations": 0}, "policy_axe": {"inapplicable": 82, "incomplete": 0, "passes": 6, "violations": 0}}
{"completed": 22, "id": "multiagente-penta-agent-memoria-en-390-academic-night", "failures": [], "axe": {"inapplicable": 81, "incomplete": 0, "passes": 7, "violations": 0}, "policy_axe": {"inapplicable": 82, "incomplete": 0, "passes": 6, "violations": 0}}
{"completed": 23, "id": "multiagente-penta-agent-memoria-es-390-academic-day", "failures": [], "axe": {"inapplicable": 81, "incomplete": 0, "passes": 7, "violations": 0}, "policy_axe": {"inapplicable": 82, "incomplete": 0, "passes": 6, "violations": 0}}
{"completed": 24, "id": "multiagente-penta-agent-memoria-es-390-academic-night", "failures": [], "axe": {"inapplicable": 81, "incomplete": 0, "passes": 7, "violations": 0}, "policy_axe": {"inapplicable": 82, "incomplete": 0, "passes": 6, "violations": 0}}
{"completed": 25, "id": "avaluo-vulnerabilidad-uv-en-390-academic-day", "failures": [], "axe": {"inapplicable": 81, "incomplete": 0, "passes": 7, "violations": 0}, "policy_axe": {"inapplicable": 82, "incomplete": 0, "passes": 6, "violations": 0}}
{"completed": 26, "id": "avaluo-vulnerabilidad-uv-en-390-academic-night", "failures": [], "axe": {"inapplicable": 81, "incomplete": 0, "passes": 7, "violations": 0}, "policy_axe": {"inapplicable": 82, "incomplete": 0, "passes": 6, "violations": 0}}
{"completed": 27, "id": "avaluo-vulnerabilidad-uv-es-390-academic-day", "failures": [], "axe": {"inapplicable": 81, "incomplete": 0, "passes": 7, "violations": 0}, "policy_axe": {"inapplicable": 82, "incomplete": 0, "passes": 6, "violations": 0}}
{"completed": 28, "id": "avaluo-vulnerabilidad-uv-es-390-academic-night", "failures": [], "axe": {"inapplicable": 81, "incomplete": 0, "passes": 7, "violations": 0}, "policy_axe": {"inapplicable": 82, "incomplete": 0, "passes": 6, "violations": 0}}
{"completed": 29, "id": "nushell-coprocesador-estructurado-en-390-academic-day", "failures": [], "axe": {"inapplicable": 81, "incomplete": 0, "passes": 7, "violations": 0}, "policy_axe": {"inapplicable": 82, "incomplete": 0, "passes": 6, "violations": 0}}
{"completed": 30, "id": "nushell-coprocesador-estructurado-en-390-academic-night", "failures": [], "axe": {"inapplicable": 81, "incomplete": 0, "passes": 7, "violations": 0}, "policy_axe": {"inapplicable": 82, "incomplete": 0, "passes": 6, "violations": 0}}
{"completed": 31, "id": "nushell-coprocesador-estructurado-es-390-academic-day", "failures": [], "axe": {"inapplicable": 81, "incomplete": 0, "passes": 7, "violations": 0}, "policy_axe": {"inapplicable": 82, "incomplete": 0, "passes": 6, "violations": 0}}
{"completed": 32, "id": "nushell-coprocesador-estructurado-es-390-academic-night", "failures": [], "axe": {"inapplicable": 81, "incomplete": 0, "passes": 7, "violations": 0}, "policy_axe": {"inapplicable": 82, "incomplete": 0, "passes": 6, "violations": 0}}
{"completed": 33, "id": "multiagente-penta-agent-memoria-gobernada-poc-en-390-academic-day", "failures": [], "axe": {"inapplicable": 81, "incomplete": 0, "passes": 7, "violations": 0}, "policy_axe": {"inapplicable": 82, "incomplete": 0, "passes": 6, "violations": 0}}
{"completed": 34, "id": "multiagente-penta-agent-memoria-gobernada-poc-en-390-academic-night", "failures": [], "axe": {"inapplicable": 81, "incomplete": 0, "passes": 7, "violations": 0}, "policy_axe": {"inapplicable": 82, "incomplete": 0, "passes": 6, "violations": 0}}
{"completed": 35, "id": "multiagente-penta-agent-memoria-gobernada-poc-es-390-academic-day", "failures": [], "axe": {"inapplicable": 81, "incomplete": 0, "passes": 7, "violations": 0}, "policy_axe": {"inapplicable": 82, "incomplete": 0, "passes": 6, "violations": 0}}
{"completed": 36, "id": "multiagente-penta-agent-memoria-gobernada-poc-es-390-academic-night", "failures": [], "axe": {"inapplicable": 81, "incomplete": 0, "passes": 7, "violations": 0}, "policy_axe": {"inapplicable": 82, "incomplete": 0, "passes": 6, "violations": 0}}
{"completed": 37, "id": "avaluos-ii-brecha-residencial-en-390-academic-day", "failures": [], "axe": {"inapplicable": 81, "incomplete": 0, "passes": 7, "violations": 0}, "policy_axe": {"inapplicable": 82, "incomplete": 0, "passes": 6, "violations": 0}}
{"completed": 38, "id": "avaluos-ii-brecha-residencial-en-390-academic-night", "failures": [], "axe": {"inapplicable": 81, "incomplete": 0, "passes": 7, "violations": 0}, "policy_axe": {"inapplicable": 82, "incomplete": 0, "passes": 6, "violations": 0}}
{"completed": 39, "id": "avaluos-ii-brecha-residencial-es-390-academic-day", "failures": [], "axe": {"inapplicable": 81, "incomplete": 0, "passes": 7, "violations": 0}, "policy_axe": {"inapplicable": 82, "incomplete": 0, "passes": 6, "violations": 0}}
{"completed": 40, "id": "avaluos-ii-brecha-residencial-es-390-academic-night", "failures": [], "axe": {"inapplicable": 81, "incomplete": 0, "passes": 7, "violations": 0}, "policy_axe": {"inapplicable": 82, "incomplete": 0, "passes": 6, "violations": 0}}
{"completed": 41, "id": "casen2024-julia-waffles-en-1440-academic-day", "failures": [], "axe": {"inapplicable": 81, "incomplete": 0, "passes": 7, "violations": 0}, "policy_axe": {"inapplicable": 82, "incomplete": 0, "passes": 6, "violations": 0}}
{"completed": 42, "id": "casen2024-julia-waffles-en-1440-academic-night", "failures": [], "axe": {"inapplicable": 81, "incomplete": 0, "passes": 7, "violations": 0}, "policy_axe": {"inapplicable": 82, "incomplete": 0, "passes": 6, "violations": 0}}
{"completed": 43, "id": "casen2024-julia-waffles-es-1440-academic-day", "failures": [], "axe": {"inapplicable": 81, "incomplete": 0, "passes": 7, "violations": 0}, "policy_axe": {"inapplicable": 82, "incomplete": 0, "passes": 6, "violations": 0}}
{"completed": 44, "id": "casen2024-julia-waffles-es-1440-academic-night", "failures": [], "axe": {"inapplicable": 81, "incomplete": 0, "passes": 7, "violations": 0}, "policy_axe": {"inapplicable": 82, "incomplete": 0, "passes": 6, "violations": 0}}
{"completed": 45, "id": "bayes-hiperparametros-en-1440-academic-day", "failures": [], "axe": {"inapplicable": 81, "incomplete": 0, "passes": 7, "violations": 0}, "policy_axe": {"inapplicable": 82, "incomplete": 0, "passes": 6, "violations": 0}}
{"completed": 46, "id": "bayes-hiperparametros-en-1440-academic-night", "failures": [], "axe": {"inapplicable": 81, "incomplete": 0, "passes": 7, "violations": 0}, "policy_axe": {"inapplicable": 82, "incomplete": 0, "passes": 6, "violations": 0}}
{"completed": 47, "id": "bayes-hiperparametros-es-1440-academic-day", "failures": [], "axe": {"inapplicable": 81, "incomplete": 0, "passes": 7, "violations": 0}, "policy_axe": {"inapplicable": 82, "incomplete": 0, "passes": 6, "violations": 0}}
{"completed": 48, "id": "bayes-hiperparametros-es-1440-academic-night", "failures": [], "axe": {"inapplicable": 81, "incomplete": 0, "passes": 7, "violations": 0}, "policy_axe": {"inapplicable": 82, "incomplete": 0, "passes": 6, "violations": 0}}
{"completed": 49, "id": "multiagente-penta-agent-modelos-en-1440-academic-day", "failures": [], "axe": {"inapplicable": 81, "incomplete": 0, "passes": 7, "violations": 0}, "policy_axe": {"inapplicable": 82, "incomplete": 0, "passes": 6, "violations": 0}}
{"completed": 50, "id": "multiagente-penta-agent-modelos-en-1440-academic-night", "failures": [], "axe": {"inapplicable": 81, "incomplete": 0, "passes": 7, "violations": 0}, "policy_axe": {"inapplicable": 82, "incomplete": 0, "passes": 6, "violations": 0}}
{"completed": 51, "id": "multiagente-penta-agent-modelos-es-1440-academic-day", "failures": [], "axe": {"inapplicable": 81, "incomplete": 0, "passes": 7, "violations": 0}, "policy_axe": {"inapplicable": 82, "incomplete": 0, "passes": 6, "violations": 0}}
{"completed": 52, "id": "multiagente-penta-agent-modelos-es-1440-academic-night", "failures": [], "axe": {"inapplicable": 81, "incomplete": 0, "passes": 7, "violations": 0}, "policy_axe": {"inapplicable": 82, "incomplete": 0, "passes": 6, "violations": 0}}
{"completed": 53, "id": "rss-gobierna-como-lees-en-1440-academic-day", "failures": [], "axe": {"inapplicable": 81, "incomplete": 0, "passes": 7, "violations": 0}, "policy_axe": {"inapplicable": 82, "incomplete": 0, "passes": 6, "violations": 0}}
{"completed": 54, "id": "rss-gobierna-como-lees-en-1440-academic-night", "failures": [], "axe": {"inapplicable": 81, "incomplete": 0, "passes": 7, "violations": 0}, "policy_axe": {"inapplicable": 82, "incomplete": 0, "passes": 6, "violations": 0}}
{"completed": 55, "id": "rss-gobierna-como-lees-es-1440-academic-day", "failures": [], "axe": {"inapplicable": 81, "incomplete": 0, "passes": 7, "violations": 0}, "policy_axe": {"inapplicable": 82, "incomplete": 0, "passes": 6, "violations": 0}}
{"completed": 56, "id": "rss-gobierna-como-lees-es-1440-academic-night", "failures": [], "axe": {"inapplicable": 81, "incomplete": 0, "passes": 7, "violations": 0}, "policy_axe": {"inapplicable": 82, "incomplete": 0, "passes": 6, "violations": 0}}
{"completed": 57, "id": "ai-quota-hud-kde-en-1440-academic-day", "failures": [], "axe": {"inapplicable": 81, "incomplete": 0, "passes": 7, "violations": 0}, "policy_axe": {"inapplicable": 82, "incomplete": 0, "passes": 6, "violations": 0}}
{"completed": 58, "id": "ai-quota-hud-kde-en-1440-academic-night", "failures": [], "axe": {"inapplicable": 81, "incomplete": 0, "passes": 7, "violations": 0}, "policy_axe": {"inapplicable": 82, "incomplete": 0, "passes": 6, "violations": 0}}
{"completed": 59, "id": "ai-quota-hud-kde-es-1440-academic-day", "failures": [], "axe": {"inapplicable": 81, "incomplete": 0, "passes": 7, "violations": 0}, "policy_axe": {"inapplicable": 82, "incomplete": 0, "passes": 6, "violations": 0}}
{"completed": 60, "id": "ai-quota-hud-kde-es-1440-academic-night", "failures": [], "axe": {"inapplicable": 81, "incomplete": 0, "passes": 7, "violations": 0}, "policy_axe": {"inapplicable": 82, "incomplete": 0, "passes": 6, "violations": 0}}
{"completed": 61, "id": "multiagente-penta-agent-memoria-en-1440-academic-day", "failures": [], "axe": {"inapplicable": 81, "incomplete": 0, "passes": 7, "violations": 0}, "policy_axe": {"inapplicable": 82, "incomplete": 0, "passes": 6, "violations": 0}}
{"completed": 62, "id": "multiagente-penta-agent-memoria-en-1440-academic-night", "failures": [], "axe": {"inapplicable": 81, "incomplete": 0, "passes": 7, "violations": 0}, "policy_axe": {"inapplicable": 82, "incomplete": 0, "passes": 6, "violations": 0}}
{"completed": 63, "id": "multiagente-penta-agent-memoria-es-1440-academic-day", "failures": [], "axe": {"inapplicable": 81, "incomplete": 0, "passes": 7, "violations": 0}, "policy_axe": {"inapplicable": 82, "incomplete": 0, "passes": 6, "violations": 0}}
{"completed": 64, "id": "multiagente-penta-agent-memoria-es-1440-academic-night", "failures": [], "axe": {"inapplicable": 81, "incomplete": 0, "passes": 7, "violations": 0}, "policy_axe": {"inapplicable": 82, "incomplete": 0, "passes": 6, "violations": 0}}
{"completed": 65, "id": "avaluo-vulnerabilidad-uv-en-1440-academic-day", "failures": [], "axe": {"inapplicable": 81, "incomplete": 0, "passes": 7, "violations": 0}, "policy_axe": {"inapplicable": 82, "incomplete": 0, "passes": 6, "violations": 0}}
{"completed": 66, "id": "avaluo-vulnerabilidad-uv-en-1440-academic-night", "failures": [], "axe": {"inapplicable": 81, "incomplete": 0, "passes": 7, "violations": 0}, "policy_axe": {"inapplicable": 82, "incomplete": 0, "passes": 6, "violations": 0}}
{"completed": 67, "id": "avaluo-vulnerabilidad-uv-es-1440-academic-day", "failures": [], "axe": {"inapplicable": 81, "incomplete": 0, "passes": 7, "violations": 0}, "policy_axe": {"inapplicable": 82, "incomplete": 0, "passes": 6, "violations": 0}}
{"completed": 68, "id": "avaluo-vulnerabilidad-uv-es-1440-academic-night", "failures": [], "axe": {"inapplicable": 81, "incomplete": 0, "passes": 7, "violations": 0}, "policy_axe": {"inapplicable": 82, "incomplete": 0, "passes": 6, "violations": 0}}
{"completed": 69, "id": "nushell-coprocesador-estructurado-en-1440-academic-day", "failures": [], "axe": {"inapplicable": 81, "incomplete": 0, "passes": 7, "violations": 0}, "policy_axe": {"inapplicable": 82, "incomplete": 0, "passes": 6, "violations": 0}}
{"completed": 70, "id": "nushell-coprocesador-estructurado-en-1440-academic-night", "failures": [], "axe": {"inapplicable": 81, "incomplete": 0, "passes": 7, "violations": 0}, "policy_axe": {"inapplicable": 82, "incomplete": 0, "passes": 6, "violations": 0}}
{"completed": 71, "id": "nushell-coprocesador-estructurado-es-1440-academic-day", "failures": [], "axe": {"inapplicable": 81, "incomplete": 0, "passes": 7, "violations": 0}, "policy_axe": {"inapplicable": 82, "incomplete": 0, "passes": 6, "violations": 0}}
{"completed": 72, "id": "nushell-coprocesador-estructurado-es-1440-academic-night", "failures": [], "axe": {"inapplicable": 81, "incomplete": 0, "passes": 7, "violations": 0}, "policy_axe": {"inapplicable": 82, "incomplete": 0, "passes": 6, "violations": 0}}
{"completed": 73, "id": "multiagente-penta-agent-memoria-gobernada-poc-en-1440-academic-day", "failures": [], "axe": {"inapplicable": 81, "incomplete": 0, "passes": 7, "violations": 0}, "policy_axe": {"inapplicable": 82, "incomplete": 0, "passes": 6, "violations": 0}}
{"completed": 74, "id": "multiagente-penta-agent-memoria-gobernada-poc-en-1440-academic-night", "failures": [], "axe": {"inapplicable": 81, "incomplete": 0, "passes": 7, "violations": 0}, "policy_axe": {"inapplicable": 82, "incomplete": 0, "passes": 6, "violations": 0}}
{"completed": 75, "id": "multiagente-penta-agent-memoria-gobernada-poc-es-1440-academic-day", "failures": [], "axe": {"inapplicable": 81, "incomplete": 0, "passes": 7, "violations": 0}, "policy_axe": {"inapplicable": 82, "incomplete": 0, "passes": 6, "violations": 0}}
{"completed": 76, "id": "multiagente-penta-agent-memoria-gobernada-poc-es-1440-academic-night", "failures": [], "axe": {"inapplicable": 81, "incomplete": 0, "passes": 7, "violations": 0}, "policy_axe": {"inapplicable": 82, "incomplete": 0, "passes": 6, "violations": 0}}
{"completed": 77, "id": "avaluos-ii-brecha-residencial-en-1440-academic-day", "failures": [], "axe": {"inapplicable": 81, "incomplete": 0, "passes": 7, "violations": 0}, "policy_axe": {"inapplicable": 82, "incomplete": 0, "passes": 6, "violations": 0}}
{"completed": 78, "id": "avaluos-ii-brecha-residencial-en-1440-academic-night", "failures": [], "axe": {"inapplicable": 81, "incomplete": 0, "passes": 7, "violations": 0}, "policy_axe": {"inapplicable": 82, "incomplete": 0, "passes": 6, "violations": 0}}
{"completed": 79, "id": "avaluos-ii-brecha-residencial-es-1440-academic-day", "failures": [], "axe": {"inapplicable": 81, "incomplete": 0, "passes": 7, "violations": 0}, "policy_axe": {"inapplicable": 82, "incomplete": 0, "passes": 6, "violations": 0}}
{"completed": 80, "id": "avaluos-ii-brecha-residencial-es-1440-academic-night", "failures": [], "axe": {"inapplicable": 81, "incomplete": 0, "passes": 7, "violations": 0}, "policy_axe": {"inapplicable": 82, "incomplete": 0, "passes": 6, "violations": 0}}
MATRIX COMPLETE 80 failed cases 0
