PASS contract: Nonempty invariants and seven complete phase contracts
PASS workflow-yaml: 3 workflows parse and have jobs
PASS runtime-declarations: Node/Bundler declarations agree
PASS git-integrity (0)
PASS whitespace (0)
PASS governance (0)
PASS visual-assets (0)
PASS diffusion-coherence (0)
PASS distribution-policy (0)
PASS test-site_health (0)
PASS test-polyglot_doctor (0)
PASS test-math_keyboard (0)
PASS test-jekyll_to_devto (0)
PASS test-verify_distribution_done (0)
PASS test-reconciliar_distribucion (0)
PASS test-verify_repo_governance (0)
PASS test-devto_draft_policy (0)
PASS test-devto_noop (0)
PASS test-notification (0)
PASS test-accessible-regions (0)
PASS test-static-contrast (0)
PASS test-graph-contrast (0)
PASS: /tmp/avaluos-social-final-source/report.json
